StagedRowId EcatOrderNumber                                    RetrievedDateTime       OrderType                      RawDocumentText                                                                                                                                                                                                                                                  DocumentStatus ToBeProcessed LastStatusChangeDateTime
----------- -------------------------------------------------- ----------------------- ------------------------------ ---------------------------------------------------------------------------------------------------------------------------------------------------------------------------------------------------------------------------------------------------------------- -------------- ------------- ------------------------
336465      110988-011723-7                                    2023-01-17 14:10:31.000 Confirmed                      {"gwc_split_order":"false","additional_fields":{"billto_deliverytype":"Standard","promo_code":null,"promocode":"NONE","shippingterms":"Customer Pick Up","order_origin":"Annapolis Store","shipment_preference":null,"billto_shipmentrequest":"Complete","billto Success        0             2023-01-17 14:10:38.687
336463      9568-01172023-1-S                                  2023-01-17 14:05:42.000 Confirmed                      {"gwc_split_order":"false","additional_fields":{"shippingterms":"Prepaid Freight","billto_shipmentrequest":"Complete","billto_addresstype":"Commercial","billto_deliveryinfo":"864-241-0100","billto_deliverytype":"Standard"},"bill_to_address_changed":null,"s Success        0             2023-01-17 14:05:45.843
336460      80502-011723-64                                    2023-01-17 13:58:43.000 Confirmed                      {"gwc_split_order":"false","additional_fields":{"promocode":"NONE","promo_code":null,"billto_deliverytype":"Standard","shippingterms":"Customer Pick Up","order_origin":"Atlanta Outlet","billto_deliveryinfo":"---","shipment_preference":null,"billto_shipment Success        0             2023-01-17 13:58:44.760
336459      110057-01172023-2-S                                2023-01-17 13:56:41.000 Confirmed                      {"gwc_split_order":"false","additional_fields":{"shippingterms":"Prepaid Freight","billto_shipmentrequest":"As Available","billto_addresstype":"Residential","billto_deliveryinfo":"979-574-5314","billto_deliverytype":"White Glove"},"bill_to_address_changed" Success        0             2023-01-17 13:56:48.837
336457      46835-09142022-1-S                                 2023-01-17 13:55:55.000 Confirmed                      {"gwc_split_order":"false","additional_fields":{"billto_deliveryinfo":"","billto_shipmentrequest":"As Available","shippingterms":"Prepaid Freight","billto_addresstype":"Residential","billto_deliverytype":"Standard"},"bill_to_address_changed":null,"ship_to_ Success        0             2023-01-17 13:56:05.357
336454      109259-011723-63                                   2023-01-17 13:48:45.000 Confirmed                      {"gwc_split_order":"false","additional_fields":{"promocode":"NONE","promo_code":null,"billto_deliverytype":"Standard","shippingterms":"Customer Pick Up","order_origin":"Austin Store","billto_deliveryinfo":"---","shipment_preference":null,"billto_shipmentre Success        0             2023-01-17 13:48:48.910
336452      8628-01172023-1-S                                  2023-01-17 13:38:01.000 Confirmed                      {"gwc_split_order":"false","additional_fields":{"billto_deliveryinfo":"","billto_shipmentrequest":"As Available","shippingterms":"Prepaid Freight","billto_addresstype":"Commercial","billto_deliverytype":"Standard"},"bill_to_address_changed":null,"ship_to_a Success        0             2023-01-17 13:38:05.753
336451      3651-011223-891-4                                  2023-01-17 13:36:08.000 Confirmed                      {"gwc_split_order":"false","additional_fields":{"billto_deliverytype":"Standard","billto_addresstype":"Commercial","shippingterms":"Customer Routed","shipping_method":null,"billto_deliveryinfo":"318-470-0190","shipment_preference":null,"billto_shipmentrequ Success        0             2023-01-17 13:36:13.090
336450      39342-01172023-2-S                                 2023-01-17 13:35:53.000 Confirmed                      {"gwc_split_order":"false","additional_fields":{"shippingterms":"Prepaid Freight","billto_shipmentrequest":"As Available","billto_addresstype":"Commercial","billto_deliveryinfo":"ATTN:  KELLIE CLARK 859-263-0322","billto_deliverytype":"Standard"},"bill_to_ Success        0             2023-01-17 13:35:54.537
336449      3651-011723-898-1-B                                2023-01-17 13:34:51.000 Confirmed                      {"gwc_split_order":"true","additional_fields":{"billto_deliverytype":"Standard","billto_addresstype":"Commercial","shippingterms":"Customer Routed","shipping_method":null,"billto_deliveryinfo":"318-470-0190","shipment_preference":null,"billto_shipmentreque Success        0             2023-01-17 13:35:06.390

(10 rows affected)


Completion time: 2023-01-17T14:15:32.4465932-06:00
