TrnYear                                 TrnMonth                                Invoice              Description                                        InvoiceDate             Branch     Salesperson          Salesperson_CRMEmail                                                        Customer        CustomerPoNumber               MerchandiseValue                        FreightValue                            OtherValue                              TaxValue                                MerchandiseCost                         DocumentType SalesOrder           OrderType Area       TermsCode Operator             DepositType Usr_CreatedDateTime     BillOfLadingNumber   CarrierId CADate                  ProNumber
--------------------------------------- --------------------------------------- -------------------- -------------------------------------------------- ----------------------- ---------- -------------------- --------------------------------------------------------------------------- --------------- ------------------------------ --------------------------------------- --------------------------------------- --------------------------------------- --------------------------------------- --------------------------------------- ------------ -------------------- --------- ---------- --------- -------------------- ----------- ----------------------- -------------------- --------- ----------------------- --------------------
2021                                    11                                      220-1241402                                                             2021-11-29 00:00:00.000 220        H                    ReportArchive@summerclassics.com                                            1173937         CS370175968                    169.00                                  0.00                                    0.00                                    0.00                                    77.51                                   I            220-1140520          S         ECOM       3         ELMIMS                           2021-11-29 16:58:23.767 BOL12645654          FDEG      2021-11-23 00:00:00.000 PRO123456789
2022                                    2                                       200-1131315                                                             2022-06-13 00:00:00.000 200        MJT-MARIANNEM        MarianneM@summerclassics.com                                                1103467         P.SMITH/64001                  512.00                                  0.00                                    296.10                                  0.00                                    394.62                                  I            200-1087700          TC        L          9         BEN                              2022-06-13 13:21:20.947 (none)               (none)    2021-09-20 00:00:00.000 (none)
2022                                    2                                       200-1131321                                                             2022-09-27 00:00:00.000 200        PBT-ROBR             Rob@summerclassics.com                                                      1213152         AVONDALE SOFA SLATE            0.00                                    0.00                                    66.45                                   0.00                                    0.00                                    I            200-1088584          TC        SD+DISC    P         BEN                              2022-09-27 11:05:09.220 (none)               (none)    2021-10-11 00:00:00.000 (none)
2022                                    2                                       250-1001000                                                             2022-06-13 00:00:00.000 250        MJT-MARIANNEM        MarianneM@summerclassics.com                                                1103467                                        389.00                                  0.00                                    0.00                                    0.00                                    125.68                                  I            250-1001091                    L          3         BEN                              2022-06-13 13:58:02.760                      (none)    NULL                     

(4 rows affected)


Completion time: 2022-11-30T08:07:40.5522749-06:00
