TrnYear                                 TrnMonth                                Invoice              DetailLine                              InvoiceDate             Branch     StockCode                      ProductClass         QtyInvoiced                             NetSalesValue                           TaxValue                                CostValue                               DiscValue                               LineType PriceCode  DocumentType SalesGlIntReqd SalesOrder           SalesOrderLine                          CustomerPoNumber               PimDepartment                                      PimCategory
--------------------------------------- --------------------------------------- -------------------- --------------------------------------- ----------------------- ---------- ------------------------------ -------------------- --------------------------------------- --------------------------------------- --------------------------------------- --------------------------------------- --------------------------------------- -------- ---------- ------------ -------------- -------------------- --------------------------------------- ------------------------------ -------------------------------------------------- --------------------------------------------------
2020                                    9                                       200-1090924          2                                       2020-09-21 00:00:00.000 200        MKTG-00037                     SCW                  1.000000                                0.00                                    0.00                                    0.00                                    0.00                                    1        4E         I                           200-1065586          1                                       7635-090420-102                NULL                                               NULL
2020                                    9                                       200-1090924          4                                       2020-09-21 00:00:00.000 200        MKTG-00043                     SCW                  1.000000                                0.00                                    0.00                                    0.00                                    0.00                                    1        4E         I                           200-1065586          2                                       7635-090420-102                NULL                                               NULL
2020                                    9                                       200-1090924          6                                       2020-09-21 00:00:00.000 200        MKTG-00040                     SCW                  1.000000                                0.00                                    0.00                                    0.00                                    0.00                                    1        4E         I                           200-1065586          4                                       7635-090420-102                NULL                                               NULL
2020                                    9                                       200-1090924          8                                       2020-09-21 00:00:00.000 200        MKTG-00039                     SCW                  1.000000                                0.00                                    0.00                                    0.00                                    0.00                                    1        4E         I                           200-1065586          5                                       7635-090420-102                NULL                                               NULL

(4 rows affected)


Completion time: 2022-09-21T10:25:17.7383133-05:00
