TrnYear                                 TrnMonth                                Invoice              DetailLine                              InvoiceDate             Branch     StockCode                      ProductClass         QtyInvoiced                             NetSalesValue                           TaxValue                                CostValue                               DiscValue                               LineType PriceCode  DocumentType SalesGlIntReqd SalesOrder           SalesOrderLine                          CustomerPoNumber               PimDepartment                                      PimCategory
--------------------------------------- --------------------------------------- -------------------- --------------------------------------- ----------------------- ---------- ------------------------------ -------------------- --------------------------------------- --------------------------------------- --------------------------------------- --------------------------------------- --------------------------------------- -------- ---------- ------------ -------------- -------------------- --------------------------------------- ------------------------------ -------------------------------------------------- --------------------------------------------------
2021                                    11                                      220-1241402          1                                       2021-11-29 00:00:00.000 220        WF-SCH-158325                  GABBY                1.000000                                169.00                                  0.00                                    77.51                                   0.00                                    1        .          i                           220-1140520          1                                       CS370175968                    NULL                                               NULL
2022                                    2                                       200-1131315          2                                       2022-06-13 00:00:00.000 200        C791P706W706                   SCW                  2.000000                                512.00                                  0.00                                    394.62                                  0.00                                    1        6-L5       I                           200-1087700          3                                       P.SMITH/64001                  NULL                                               NULL
2022                                    2                                       200-1131315          3                                       2022-06-13 00:00:00.000 200                                       _SURCHARGE           0.000000                                296.10                                  0.00                                    0.00                                    0.00                                    5                   I                           200-1087700          26                                      P.SMITH/64001                  NULL                                               NULL
2022                                    2                                       250-1001000          2                                       2022-06-13 00:00:00.000 250        40502                          SCW                  1.000000                                389.00                                  0.00                                    125.68                                  11.00                                   1        .          I                           250-1001091          1                                                                      NULL                                               NULL

(4 rows affected)


Completion time: 2022-11-30T08:08:04.5517546-06:00
