TrnYear                                 TrnMonth                                Invoice              Description                                        InvoiceDate             Branch     Salesperson          Salesperson_CRMEmail                                                        Customer        CustomerPoNumber               MerchandiseValue                        FreightValue                            OtherValue                              TaxValue                                MerchandiseCost                         DocumentType SalesOrder           OrderType Area       TermsCode Operator             DepositType Usr_CreatedDateTime     BillOfLadingNumber   CarrierId CADate                  ProNumber
--------------------------------------- --------------------------------------- -------------------- -------------------------------------------------- ----------------------- ---------- -------------------- --------------------------------------------------------------------------- --------------- ------------------------------ --------------------------------------- --------------------------------------- --------------------------------------- --------------------------------------- --------------------------------------- ------------ -------------------- --------- ---------- --------- -------------------- ----------- ----------------------- -------------------- --------- ----------------------- --------------------
2020                                    9                                       200-1090924                                                             2020-09-21 00:00:00.000 200        KF                   KevinF@summerclassics.com                                                   1153267         7635-090420-102                0.00                                    0.00                                    0.00                                    0.00                                    0.00                                    I            200-1065586          MP        SD+DISC    NN        ELMIMS                           2020-09-21 10:06:58.053                      FDEG      2020-09-04 00:00:00.000 500605510259297

(1 row affected)


Completion time: 2022-09-21T10:24:51.4383279-05:00
