Missing Order                                      Sales Order Reference Last Sent to Sugar CRM      SCT order Order Entry Date
-------------------------------------------------- --------------------- --------------------------- --------- -----------------------
220-8016852                                        220-8016852           NULL                                  2022-09-14 00:00:00.000
306-1018291                                        306-1018291           NULL                                  2022-09-14 00:00:00.000
220-1165359                                        220-1165359           NULL                                  2022-09-12 00:00:00.000
306-8001014                                        306-8001014           NULL                                  2022-09-12 00:00:00.000
302-1020254                                        302-1020254           NULL                                  2022-08-24 00:00:00.000
220-8016889                                        220-8016889           NULL                                  2022-09-14 00:00:00.000
220-8016890                                        220-8016890           NULL                                  2022-09-14 00:00:00.000
220-8016879                                        220-8016879           NULL                                  2022-09-14 00:00:00.000
200-8012730                                        200-8012730           NULL                                  2022-09-14 00:00:00.000
200-8012731                                        200-8012731           NULL                                  2022-09-14 00:00:00.000
301-1012760                                        301-1012760           NULL                                  2022-09-14 00:00:00.000
220-8016866                                        220-8016866           NULL                                  2022-09-14 00:00:00.000
220-8016867                                        220-8016867           NULL                                  2022-09-14 00:00:00.000
220-8016868                                        220-8016868           NULL                                  2022-09-14 00:00:00.000
200-8012732                                        200-8012732           NULL                                  2022-09-14 00:00:00.000
200-8012733                                        200-8012733           NULL                                  2022-09-14 00:00:00.000
306-8000995                                        306-8000995           NULL                                  2022-08-21 00:00:00.000
310-1003225                                        310-1003225           NULL                                  2022-07-28 00:00:00.000
200-8011948                                        200-8011948           NULL                                  2022-06-21 00:00:00.000
200-1100450                                        200-1100450           NULL                                  2022-06-21 00:00:00.000
304-1010804                                        304-1010804           NULL                                  2022-08-24 00:00:00.000
302-8000724                                        302-8000724           NULL                                  2022-06-14 00:00:00.000
220-8016794                                        220-8016794           NULL                                  2022-09-12 00:00:00.000
220-8016764                                        220-8016764           NULL                                  2022-09-11 00:00:00.000
220-8016765                                        220-8016765           NULL                                  2022-09-12 00:00:00.000
220-8016891                                        220-8016891           NULL                                  2022-09-14 00:00:00.000
220-1165341                                        220-1165341           NULL                                  2022-09-11 00:00:00.000
220-1165344                                        220-1165344           NULL                                  2022-09-12 00:00:00.000
220-1165346                                        220-1165346           NULL                                  2022-09-12 00:00:00.000
220-1165348                                        220-1165348           NULL                                  2022-09-12 00:00:00.000
220-1165349                                        220-1165349           NULL                                  2022-09-12 00:00:00.000
220-1165352                                        220-1165352           NULL                                  2022-09-12 00:00:00.000
220-1165354                                        220-1165354           NULL                                  2022-09-12 00:00:00.000
220-1165360                                        220-1165360           NULL                                  2022-09-12 00:00:00.000
220-1165379                                        220-1165379           NULL                                  2022-09-12 00:00:00.000
220-1165383                                        220-1165383           NULL                                  2022-09-12 00:00:00.000
220-1165385                                        220-1165385           NULL                                  2022-09-12 00:00:00.000
220-1165386                                        220-1165386           NULL                                  2022-09-12 00:00:00.000
220-1165404                                        220-1165404           NULL                                  2022-09-12 00:00:00.000
220-1165413                                        220-1165413           NULL                                  2022-09-12 00:00:00.000
260-1005248                                        260-1005248           NULL                                  2022-09-14 00:00:00.000
304-1010939                                        304-1010939           NULL                                  2022-09-14 00:00:00.000
306-1018295                                        306-1018295           NULL                                  2022-09-14 00:00:00.000
306-1018296                                        306-1018296           NULL                                  2022-09-14 00:00:00.000
306-8001025                                        306-8001025           NULL                                  2022-09-14 00:00:00.000
301-1012761                                        301-1012761           NULL                                  2022-09-14 00:00:00.000
301-1012762                                        301-1012762           NULL                                  2022-09-14 00:00:00.000
303-1011959                                        303-1011959           NULL                                  2022-09-14 00:00:00.000
305-1009473                                        305-1009473           NULL                                  2022-09-14 00:00:00.000
305-1009474                                        305-1009474           NULL                                  2022-09-14 00:00:00.000
305-1009475                                        305-1009475           NULL                                  2022-09-14 00:00:00.000
220-1165343                                        220-1165343           NULL                                  2022-09-12 00:00:00.000
220-1165358                                        220-1165358           NULL                                  2022-09-12 00:00:00.000
306-1018298                                        306-1018298           NULL                                  2022-09-14 00:00:00.000
220-8016892                                        220-8016892           NULL                                  2022-09-14 00:00:00.000
220-8016880                                        220-8016880           NULL                                  2022-09-14 00:00:00.000
220-8016881                                        220-8016881           NULL                                  2022-09-14 00:00:00.000
220-8016869                                        220-8016869           NULL                                  2022-09-14 00:00:00.000
220-8016870                                        220-8016870           NULL                                  2022-09-14 00:00:00.000
302-1019652                                        302-1019652           NULL                                  2022-06-21 00:00:00.000
200-8012734                                        200-8012734           NULL                                  2022-09-14 00:00:00.000
220-8016853                                        220-8016853           NULL                                  2022-09-14 00:00:00.000
220-8016854                                        220-8016854           NULL                                  2022-09-14 00:00:00.000
220-1161684                                        220-1161684           NULL                                  2022-07-26 00:00:00.000
302-1019957                                        302-1019957           NULL                                  2022-07-31 00:00:00.000
302-1020454                                        302-1020454           NULL                                  2022-09-14 00:00:00.000
311-1002986                                        311-1002986           NULL                                  2022-07-31 00:00:00.000
220-1165398                                        220-1165398           NULL                                  2022-09-12 00:00:00.000
302-1019955                                        302-1019955           NULL                                  2022-07-31 00:00:00.000
200-1102209                                        200-1102209           NULL                                  2022-07-31 00:00:00.000
210-1020137                                        210-1020137           NULL                                  2022-07-28 00:00:00.000
220-1162063                                        220-1162063           NULL                                  2022-07-31 00:00:00.000
220-1162065                                        220-1162065           NULL                                  2022-07-31 00:00:00.000
200-1104584                                        200-1104584           NULL                                  2022-09-12 00:00:00.000
240-1002651                                        240-1002651           NULL                                  2022-09-14 00:00:00.000
200-1104723                                        200-1104723           NULL                                  2022-09-14 00:00:00.000
200-8012713                                        200-8012713           NULL                                  2022-09-14 00:00:00.000
200-1104747                                        200-1104747           NULL                                  2022-09-14 00:00:00.000
200-8012737                                        200-8012737           NULL                                  2022-09-14 00:00:00.000
250-1003692                                        250-1003692           NULL                                  2022-09-12 00:00:00.000
210-1020798                                        210-1020798           NULL                                  2022-09-12 00:00:00.000
200-1104578                                        200-1104578           NULL                                  2022-09-12 00:00:00.000
200-8012668                                        200-8012668           NULL                                  2022-09-11 00:00:00.000
210-8002982                                        210-8002982           NULL                                  2022-09-14 00:00:00.000
210-8002983                                        210-8002983           NULL                                  2022-09-14 00:00:00.000
303-1011960                                        303-1011960           NULL                                  2022-09-14 00:00:00.000
220-8016855                                        220-8016855           NULL                                  2022-09-14 00:00:00.000
220-8016856                                        220-8016856           NULL                                  2022-09-14 00:00:00.000
220-8016857                                        220-8016857           NULL                                  2022-09-14 00:00:00.000
260-1005213                                        260-1005213           NULL                                  2022-09-12 00:00:00.000
220-8016860                                        220-8016860           NULL                                  2022-09-14 00:00:00.000
220-8016861                                        220-8016861           NULL                                  2022-09-14 00:00:00.000
200-1104743                                        200-1104743           NULL                                  2022-09-14 00:00:00.000
200-8012715                                        200-8012715           NULL                                  2022-09-14 00:00:00.000
200-8012716                                        200-8012716           NULL                                  2022-09-14 00:00:00.000
200-8012717                                        200-8012717           NULL                                  2022-09-14 00:00:00.000
200-8012718                                        200-8012718           NULL                                  2022-09-14 00:00:00.000
200-8012719                                        200-8012719           NULL                                  2022-09-14 00:00:00.000
200-8012720                                        200-8012720           NULL                                  2022-09-14 00:00:00.000
200-8012721                                        200-8012721           NULL                                  2022-09-14 00:00:00.000
200-8012722                                        200-8012722           NULL                                  2022-09-14 00:00:00.000
200-8012723                                        200-8012723           NULL                                  2022-09-14 00:00:00.000
200-8012724                                        200-8012724           NULL                                  2022-09-14 00:00:00.000
200-8012725                                        200-8012725           NULL                                  2022-09-14 00:00:00.000
200-8012726                                        200-8012726           NULL                                  2022-09-14 00:00:00.000
200-8012727                                        200-8012727           NULL                                  2022-09-14 00:00:00.000
200-8012728                                        200-8012728           NULL                                  2022-09-14 00:00:00.000
200-8012729                                        200-8012729           NULL                                  2022-09-14 00:00:00.000
200-1104754                                        200-1104754           NULL                                  2022-09-14 00:00:00.000
220-1161895                                        220-1161895           NULL                                  2022-07-28 00:00:00.000
220-1161899                                        220-1161899           NULL                                  2022-07-28 00:00:00.000
220-1161908                                        220-1161908           NULL                                  2022-07-28 00:00:00.000
250-1002618                                        250-1002618           NULL                                  2022-06-14 00:00:00.000
306-1018294                                        306-1018294           NULL                                  2022-09-14 00:00:00.000
306-8001022                                        306-8001022           NULL                                  2022-09-14 00:00:00.000
306-8001023                                        306-8001023           NULL                                  2022-09-14 00:00:00.000
200-1102134                                        200-1102134           NULL                                  2022-07-28 00:00:00.000
306-1018303                                        306-1018303           NULL                                  2022-09-14 00:00:00.000
306-1018304                                        306-1018304           NULL                                  2022-09-14 00:00:00.000
306-1018290                                        306-1018290           NULL                                  2022-09-14 00:00:00.000
220-1165342                                        220-1165342           NULL                                  2022-09-11 00:00:00.000
305-1009465                                        305-1009465           NULL                                  2022-09-12 00:00:00.000
306-8001015                                        306-8001015           NULL                                  2022-09-12 00:00:00.000
311-8000145                                        311-8000145           NULL                                  2022-09-12 00:00:00.000
306-1018292                                        306-1018292           NULL                                  2022-09-14 00:00:00.000
306-1018297                                        306-1018297           NULL                                  2022-09-14 00:00:00.000
210-1020796                                        210-1020796           NULL                                  2022-09-12 00:00:00.000
303-8001006                                        303-8001006           NULL                                  2022-09-14 00:00:00.000
306-1018299                                        306-1018299           NULL                                  2022-09-14 00:00:00.000
306-1018300                                        306-1018300           NULL                                  2022-09-14 00:00:00.000
306-8001026                                        306-8001026           NULL                                  2022-09-14 00:00:00.000
306-8001027                                        306-8001027           NULL                                  2022-09-14 00:00:00.000
200-8012712                                        200-8012712           NULL                                  2022-09-14 00:00:00.000
220-8016862                                        220-8016862           NULL                                  2022-09-14 00:00:00.000
220-8016863                                        220-8016863           NULL                                  2022-09-14 00:00:00.000
302-1019956                                        302-1019956           NULL                                  2022-07-31 00:00:00.000
220-8016148                                        220-8016148           NULL                                  2022-07-28 00:00:00.000
220-1158306                                        220-1158306           NULL                                  2022-06-14 00:00:00.000
200-1100046                                        200-1100046           NULL                                  2022-06-14 00:00:00.000
260-1004698                                        260-1004698           NULL                                  2022-08-24 00:00:00.000
311-1003120                                        311-1003120           NULL                                  2022-09-14 00:00:00.000
220-8016882                                        220-8016882           NULL                                  2022-09-14 00:00:00.000
220-8016871                                        220-8016871           NULL                                  2022-09-14 00:00:00.000
220-8016872                                        220-8016872           NULL                                  2022-09-14 00:00:00.000
220-8016873                                        220-8016873           NULL                                  2022-09-14 00:00:00.000
302-1020456                                        302-1020456           NULL                                  2022-09-14 00:00:00.000
220-8016874                                        220-8016874           NULL                                  2022-09-14 00:00:00.000
220-8016864                                        220-8016864           NULL                                  2022-09-14 00:00:00.000
220-8016865                                        220-8016865           NULL                                  2022-09-14 00:00:00.000
303-1011689                                        303-1011689           NULL                                  2022-07-31 00:00:00.000
303-1011691                                        303-1011691           NULL                                  2022-07-31 00:00:00.000
306-1017876                                        306-1017876           NULL                                  2022-07-31 00:00:00.000
311-1002984                                        311-1002984           NULL                                  2022-07-31 00:00:00.000
311-1002985                                        311-1002985           NULL                                  2022-07-31 00:00:00.000
220-8016774                                        220-8016774           NULL                                  2022-09-12 00:00:00.000
250-1002616                                        250-1002616           NULL                                  2022-06-14 00:00:00.000
200-1100369                                        200-1100369           NULL                                  2022-06-20 00:00:00.000
306-1018305                                        306-1018305           NULL                                  2022-09-14 00:00:00.000
306-8001028                                        306-8001028           NULL                                  2022-09-14 00:00:00.000
303-1011692                                        303-1011692           NULL                                  2022-07-31 00:00:00.000
220-1165403                                        220-1165403           NULL                                  2022-09-12 00:00:00.000
304-1010802                                        304-1010802           NULL                                  2022-08-24 00:00:00.000
220-8016883                                        220-8016883           NULL                                  2022-09-14 00:00:00.000
220-8016884                                        220-8016884           NULL                                  2022-09-14 00:00:00.000
220-8016885                                        220-8016885           NULL                                  2022-09-14 00:00:00.000
220-8016886                                        220-8016886           NULL                                  2022-09-14 00:00:00.000
220-8016887                                        220-8016887           NULL                                  2022-09-14 00:00:00.000
306-1017877                                        306-1017877           NULL                                  2022-07-31 00:00:00.000
306-1017879                                        306-1017879           NULL                                  2022-07-31 00:00:00.000
312-1004906                                        312-1004906           NULL                                  2022-07-31 00:00:00.000
302-1020455                                        302-1020455           NULL                                  2022-09-14 00:00:00.000
302-1020457                                        302-1020457           NULL                                  2022-09-14 00:00:00.000
260-1005218                                        260-1005218           NULL                                  2022-09-12 00:00:00.000
304-1010526                                        304-1010526           NULL                                  2022-06-21 00:00:00.000
306-1017746                                        306-1017746           NULL                                  2022-07-06 00:00:00.000
301-1012421                                        301-1012421           NULL                                  2022-07-31 00:00:00.000
220-8016893                                        220-8016893           NULL                                  2022-09-14 00:00:00.000
303-1011688                                        303-1011688           NULL                                  2022-07-31 00:00:00.000
306-1017881                                        306-1017881           NULL                                  2022-07-31 00:00:00.000
306-1017882                                        306-1017882           NULL                                  2022-07-31 00:00:00.000
210-8002984                                        210-8002984           NULL                                  2022-09-14 00:00:00.000
220-1163966                                        220-1163966           NULL                                  2022-08-24 00:00:00.000
200-8012735                                        200-8012735           NULL                                  2022-09-14 00:00:00.000
200-8012736                                        200-8012736           NULL                                  2022-09-14 00:00:00.000
310-1003383                                        310-1003383           NULL                                  2022-09-14 00:00:00.000
306-8001024                                        306-8001024           NULL                                  2022-09-14 00:00:00.000
303-1011694                                        303-1011694           NULL                                  2022-07-31 00:00:00.000
220-8016850                                        220-8016850           NULL                                  2022-09-14 00:00:00.000
220-8016851                                        220-8016851           NULL                                  2022-09-14 00:00:00.000
220-8016769                                        220-8016769           NULL                                  2022-09-12 00:00:00.000
210-1020846                                        210-1020846           NULL                                  2022-09-14 00:00:00.000
308-1007026                                        308-1007026           NULL                                  2022-07-31 00:00:00.000
311-1002987                                        311-1002987           NULL                                  2022-07-31 00:00:00.000
313-1000870                                        313-1000870           NULL                                  2022-07-31 00:00:00.000
302-1019958                                        302-1019958           NULL                                  2022-07-31 00:00:00.000
304-1010693                                        304-1010693           NULL                                  2022-07-31 00:00:00.000
304-1010694                                        304-1010694           NULL                                  2022-07-31 00:00:00.000
200-1100381                                        200-1100381           NULL                                  2022-06-20 00:00:00.000
308-1007027                                        308-1007027           NULL                                  2022-07-31 00:00:00.000
313-1000871                                        313-1000871           NULL                                  2022-07-31 00:00:00.000
305-1009221                                        305-1009221           NULL                                  2022-07-31 00:00:00.000
305-8000552                                        305-8000552           NULL                                  2022-07-31 00:00:00.000
306-1018301                                        306-1018301           NULL                                  2022-09-14 00:00:00.000
306-1018302                                        306-1018302           NULL                                  2022-09-14 00:00:00.000
310-1003285                                        310-1003285           NULL                                  2022-08-24 00:00:00.000
250-8001240                                        250-8001240           NULL                                  2022-09-14 00:00:00.000
250-8001241                                        250-8001241           NULL                                  2022-09-14 00:00:00.000
312-1004820                                        312-1004820           NULL                                  2022-06-21 00:00:00.000
220-8016877                                        220-8016877           NULL                                  2022-09-14 00:00:00.000
220-8016878                                        220-8016878           NULL                                  2022-09-14 00:00:00.000
200-8011949                                        200-8011949           NULL                                  2022-06-21 00:00:00.000
200-8011950                                        200-8011950           NULL                                  2022-06-21 00:00:00.000
200-8011952                                        200-8011952           NULL                                  2022-06-21 00:00:00.000
306-1017641                                        306-1017641           NULL                                  2022-06-14 00:00:00.000
220-8015505                                        220-8015505           NULL                                  2022-06-20 00:00:00.000
306-1017637                                        306-1017637           NULL                                  2022-06-14 00:00:00.000
220-8015425                                        220-8015425           NULL                                  2022-06-14 00:00:00.000
220-8016888                                        220-8016888           NULL                                  2022-09-14 00:00:00.000
210-1019651                                        210-1019651           NULL                                  2022-06-20 00:00:00.000
304-1010525                                        304-1010525           NULL                                  2022-06-21 00:00:00.000
313-1000811                                        313-1000811           NULL                                  2022-06-21 00:00:00.000
303-8000947                                        303-8000947           NULL                                  2022-06-21 00:00:00.000
200-1104727                                        200-1104727           NULL                                  2022-09-14 00:00:00.000
200-1100052                                        200-1100052           NULL                                  2022-06-14 00:00:00.000
305-1009222                                        305-1009222           NULL                                  2022-07-31 00:00:00.000
306-1017878                                        306-1017878           NULL                                  2022-07-31 00:00:00.000
220-8016858                                        220-8016858           NULL                                  2022-09-14 00:00:00.000
220-8016859                                        220-8016859           NULL                                  2022-09-14 00:00:00.000
200-1102025                                        200-1102025           NULL                                  2022-07-26 00:00:00.000
220-1165407                                        220-1165407           NULL                                  2022-09-12 00:00:00.000
311-1002978                                        311-1002978           NULL                                  2022-07-28 00:00:00.000
200-1100446                                        200-1100446           NULL                                  2022-06-21 00:00:00.000
210-8002790                                        210-8002790           NULL                                  2022-06-14 00:00:00.000
200-8011946                                        200-8011946           NULL                                  2022-06-21 00:00:00.000
200-8011947                                        200-8011947           NULL                                  2022-06-21 00:00:00.000
301-8000858                                        301-8000858           NULL                                  2022-07-06 00:00:00.000
200-1104605                                        200-1104605           NULL                                  2022-09-12 00:00:00.000
220-8016776                                        220-8016776           NULL                                  2022-09-12 00:00:00.000
220-8016777                                        220-8016777           NULL                                  2022-09-12 00:00:00.000
220-8016778                                        220-8016778           NULL                                  2022-09-12 00:00:00.000
220-8016779                                        220-8016779           NULL                                  2022-09-12 00:00:00.000
220-8016781                                        220-8016781           NULL                                  2022-09-12 00:00:00.000
220-8016783                                        220-8016783           NULL                                  2022-09-12 00:00:00.000
220-8016784                                        220-8016784           NULL                                  2022-09-12 00:00:00.000
220-8016786                                        220-8016786           NULL                                  2022-09-12 00:00:00.000
220-8016787                                        220-8016787           NULL                                  2022-09-12 00:00:00.000
220-8016788                                        220-8016788           NULL                                  2022-09-12 00:00:00.000
220-8016789                                        220-8016789           NULL                                  2022-09-12 00:00:00.000
220-8016790                                        220-8016790           NULL                                  2022-09-12 00:00:00.000
220-1165624                                        220-1165624           NULL                                  2022-09-14 00:00:00.000
250-8001237                                        250-8001237           NULL                                  2022-09-14 00:00:00.000
200-8012711                                        200-8012711           NULL                                  2022-09-14 00:00:00.000
302-1019935                                        302-1019935           NULL                                  2022-07-28 00:00:00.000
306-1017855                                        306-1017855           NULL                                  2022-07-28 00:00:00.000
310-1003135                                        310-1003135           NULL                                  2022-06-14 00:00:00.000
220-1158291                                        220-1158291           NULL                                  2022-06-14 00:00:00.000
306-1017642                                        306-1017642           NULL                                  2022-06-14 00:00:00.000
306-8001029                                        306-8001029           NULL                                  2022-09-14 00:00:00.000
306-8001030                                        306-8001030           NULL                                  2022-09-14 00:00:00.000
220-8016772                                        220-8016772           NULL                                  2022-09-12 00:00:00.000
220-8016773                                        220-8016773           NULL                                  2022-09-12 00:00:00.000
302-1019593                                        302-1019593           NULL                                  2022-06-14 00:00:00.000
220-8015503                                        220-8015503           NULL                                  2022-06-20 00:00:00.000
306-1018053                                        306-1018053           NULL                                  2022-08-24 00:00:00.000
200-1104719                                        200-1104719           NULL                                  2022-09-14 00:00:00.000
200-1104573                                        200-1104573           NULL                                  2022-09-12 00:00:00.000
200-1104587                                        200-1104587           NULL                                  2022-09-12 00:00:00.000
200-1104579                                        200-1104579           NULL                                  2022-09-12 00:00:00.000
200-8012669                                        200-8012669           NULL                                  2022-09-12 00:00:00.000
303-1011948                                        303-1011948           NULL                                  2022-09-12 00:00:00.000
303-8001004                                        303-8001004           NULL                                  2022-09-12 00:00:00.000
250-8001233                                        250-8001233           NULL                                  2022-09-14 00:00:00.000
250-8001234                                        250-8001234           NULL                                  2022-09-14 00:00:00.000
250-8001235                                        250-8001235           NULL                                  2022-09-14 00:00:00.000
210-1020795                                        210-1020795           NULL                                  2022-09-12 00:00:00.000
250-8001236                                        250-8001236           NULL                                  2022-09-14 00:00:00.000
220-8016766                                        220-8016766           NULL                                  2022-09-12 00:00:00.000
250-8001238                                        250-8001238           NULL                                  2022-09-14 00:00:00.000
250-8001239                                        250-8001239           NULL                                  2022-09-14 00:00:00.000
200-8012290                                        200-8012290           NULL                                  2022-07-26 00:00:00.000
306-1017745                                        306-1017745           NULL                                  2022-07-06 00:00:00.000
301-1012179                                        301-1012179           NULL                                  2022-06-20 00:00:00.000
220-8016875                                        220-8016875           NULL                                  2022-09-14 00:00:00.000
220-8016876                                        220-8016876           NULL                                  2022-09-14 00:00:00.000
210-8002977                                        210-8002977           NULL                                  2022-09-12 00:00:00.000
220-1171602                                        220-1171602           2022-11-28 13:30:47.5519088           2022-11-28 00:00:00.000
306-1019328                                        306-1019328           2022-11-28 13:00:37.1729778           2022-11-28 00:00:00.000
304-1011263                                        304-1011263           2022-11-28 13:15:25.9132145           2022-11-28 00:00:00.000
304-1011262                                        304-1011262           2022-11-28 13:30:47.5519088           2022-11-28 00:00:00.000
306-1018054                                        306-1018054           NULL                                  2022-08-24 00:00:00.000
306-1018056                                        306-1018056           NULL                                  2022-08-24 00:00:00.000
304-1010938                                        304-1010938           NULL                                  2022-09-14 00:00:00.000
306-1019326                                        306-1019326           2022-11-28 12:15:45.6850837           2022-11-28 00:00:00.000
306-1019327                                        306-1019327           2022-11-28 12:15:45.6850837           2022-11-28 00:00:00.000
220-1171601                                        220-1171601           2022-11-28 12:15:45.6850837           2022-11-28 00:00:00.000
220-1171603                                        220-1171603           2022-11-28 12:15:45.6850837           2022-11-28 00:00:00.000
220-1171604                                        220-1171604           2022-11-28 12:15:45.6850837           2022-11-28 00:00:00.000
220-1171605                                        220-1171605           2022-11-28 12:15:45.6850837           2022-11-28 00:00:00.000
220-1171606                                        220-1171606           2022-11-28 12:15:45.6850837           2022-11-28 00:00:00.000
220-1171607                                        220-1171607           2022-11-28 12:15:45.6850837           2022-11-28 00:00:00.000
220-8016114                                        220-8016114           NULL                                  2022-07-26 00:00:00.000
210-1020142                                        210-1020142           NULL                                  2022-07-28 00:00:00.000
301-1012768                                        NULL                  NULL                        Y         2022-09-15 00:00:00.000
312-1004431                                        NULL                  NULL                        Y         2022-01-22 00:00:00.000
301-1012146                                        NULL                  NULL                        Y         2022-06-16 00:00:00.000
313-1001072                                        NULL                  NULL                        Y         2022-11-04 00:00:00.000
314-1000659                                        NULL                  NULL                        Y         2022-08-02 00:00:00.000
302-1019007                                        NULL                  NULL                        Y         2022-04-23 00:00:00.000
303-1010823                                        NULL                  NULL                        Y         2022-02-14 00:00:00.000
301-1012683                                        NULL                  NULL                        Y         2022-09-03 00:00:00.000
301-1011281                                        NULL                  NULL                        Y         2022-01-22 00:00:00.000
308-1006384                                        NULL                  NULL                        Y         2022-01-17 00:00:00.000
302-1018722                                        NULL                  NULL                        Y         2022-03-21 00:00:00.000
301-1012806                                        NULL                  NULL                        Y         2022-09-20 00:00:00.000
313-1001055                                        NULL                  NULL                        Y         2022-10-20 00:00:00.000
302-1018207                                        NULL                  NULL                        Y         2022-01-29 00:00:00.000
308-1006420                                        NULL                  NULL                        Y         2022-01-20 00:00:00.000
301-1011403                                        NULL                  NULL                        Y         2022-02-14 00:00:00.000
303-1012222                                        NULL                  NULL                        Y         2022-11-17 00:00:00.000
301-1012937                                        NULL                  NULL                        Y         2022-10-08 00:00:00.000
301-1011528                                        NULL                  NULL                        Y         2022-03-09 00:00:00.000
308-1006627                                        NULL                  NULL                        Y         2022-04-19 00:00:00.000
301-1012763                                        NULL                  NULL                        Y         2022-09-14 00:00:00.000
302-1020675                                        NULL                  NULL                        Y         2022-10-31 00:00:00.000
301-1012149                                        NULL                  NULL                        Y         2022-06-16 00:00:00.000
313-1000641                                        NULL                  NULL                        Y         2022-04-06 00:00:00.000
310-1003095                                        NULL                  NULL                        Y         2022-05-28 00:00:00.000
301-1011276                                        NULL                  NULL                        Y         2022-01-22 00:00:00.000
301-1012219                                        NULL                  NULL                        Y         2022-06-26 00:00:00.000
314-1000521                                        NULL                  NULL                        Y         2022-05-27 00:00:00.000
308-1006397                                        NULL                  NULL                        Y         2022-01-18 00:00:00.000
301-1012769                                        NULL                  NULL                        Y         2022-09-15 00:00:00.000
308-1006430                                        NULL                  NULL                        Y         2022-02-13 00:00:00.000
301-1013198                                        NULL                  NULL                        Y         2022-11-17 00:00:00.000
302-1018992                                        NULL                  NULL                        Y         2022-04-22 00:00:00.000
302-1018073                                        NULL                  NULL                        Y         2022-01-02 00:00:00.000
314-1000552                                        NULL                  NULL                        Y         2022-06-09 00:00:00.000
302-1019923                                        NULL                  NULL                        Y         2022-07-26 00:00:00.000
301-1012936                                        NULL                  NULL                        Y         2022-10-08 00:00:00.000
308-1006411                                        NULL                  NULL                        Y         2022-01-19 00:00:00.000
304-1009997                                        NULL                  NULL                        Y         2022-03-19 00:00:00.000
302-1018738                                        NULL                  NULL                        Y         2022-03-23 00:00:00.000
301-1011936                                        NULL                  NULL                        Y         2022-05-16 00:00:00.000
306-1016772                                        NULL                  NULL                        Y         2022-03-15 00:00:00.000
302-1020590                                        NULL                  NULL                        Y         2022-10-17 00:00:00.000
302-1019884                                        NULL                  NULL                        Y         2022-07-23 00:00:00.000
314-1000434                                        NULL                  NULL                        Y         2022-04-23 00:00:00.000
301-1013145                                        NULL                  NULL                        Y         2022-11-12 00:00:00.000
302-1019521                                        NULL                  NULL                        Y         2022-06-02 00:00:00.000
301-1012875                                        NULL                  NULL                        Y         2022-09-29 00:00:00.000
301-1012316                                        NULL                  NULL                        Y         2022-07-12 00:00:00.000
302-1020419                                        NULL                  NULL                        Y         2022-09-07 00:00:00.000
308-1007063                                        NULL                  NULL                        Y         2022-08-12 00:00:00.000
301-1012811                                        NULL                  NULL                        Y         2022-09-20 00:00:00.000
313-1001109                                        NULL                  NULL                        Y         2022-11-25 00:00:00.000
301-1012772                                        NULL                  NULL                        Y         2022-09-15 00:00:00.000
301-1012388                                        NULL                  NULL                        Y         2022-07-25 00:00:00.000
302-1018850                                        NULL                  NULL                        Y         2022-04-06 00:00:00.000
308-1006917                                        NULL                  NULL                        Y         2022-07-01 00:00:00.000
308-1007220                                        NULL                  NULL                        Y         2022-09-11 00:00:00.000
302-1018274                                        NULL                  NULL                        Y         2022-02-07 00:00:00.000
308-1006851                                        NULL                  NULL                        Y         2022-06-11 00:00:00.000
302-1020348                                        NULL                  NULL                        Y         2022-09-02 00:00:00.000
305-1009048                                        NULL                  NULL                        Y         2022-06-06 00:00:00.000
314-1000146                                        NULL                  NULL                        Y         2022-01-02 00:00:00.000
301-1012839                                        NULL                  NULL                        Y         2022-09-23 00:00:00.000
302-1019080                                        NULL                  NULL                        Y         2022-04-25 00:00:00.000
313-1000638                                        NULL                  NULL                        Y         2022-04-05 00:00:00.000
302-1018205                                        NULL                  NULL                        Y         2022-01-29 00:00:00.000
314-1000432                                        NULL                  NULL                        Y         2022-04-23 00:00:00.000
303-1012145                                        NULL                  NULL                        Y         2022-11-02 00:00:00.000
308-1006414                                        NULL                  NULL                        Y         2022-01-19 00:00:00.000
301-1012321                                        NULL                  NULL                        Y         2022-07-13 00:00:00.000
302-1018214                                        NULL                  NULL                        Y         2022-01-31 00:00:00.000
301-1012013                                        NULL                  NULL                        Y         2022-05-28 00:00:00.000
308-1006417                                        NULL                  NULL                        Y         2022-01-19 00:00:00.000
302-1020982                                        NULL                  NULL                        Y         2022-11-21 00:00:00.000
302-1019787                                        NULL                  NULL                        Y         2022-07-08 00:00:00.000
301-1012771                                        NULL                  NULL                        Y         2022-09-15 00:00:00.000
302-1018630                                        NULL                  NULL                        Y         2022-03-10 00:00:00.000
301-1012737                                        NULL                  NULL                        Y         2022-09-09 00:00:00.000
301-1013253                                        NULL                  NULL                        Y         2022-11-23 00:00:00.000
308-1007228                                        NULL                  NULL                        Y         2022-09-14 00:00:00.000
302-1018208                                        NULL                  NULL                        Y         2022-01-29 00:00:00.000
308-1006413                                        NULL                  NULL                        Y         2022-01-19 00:00:00.000
302-1020420                                        NULL                  NULL                        Y         2022-09-08 00:00:00.000
308-1006456                                        NULL                  NULL                        Y         2022-03-11 00:00:00.000
308-1006513                                        NULL                  NULL                        Y         2022-03-20 00:00:00.000
301-1011746                                        NULL                  NULL                        Y         2022-04-13 00:00:00.000
313-1000645                                        NULL                  NULL                        Y         2022-04-07 00:00:00.000
304-1010383                                        NULL                  NULL                        Y         2022-05-22 00:00:00.000
301-1012348                                        NULL                  NULL                        Y         2022-07-16 00:00:00.000
310-1002989                                        NULL                  NULL                        Y         2022-04-14 00:00:00.000
304-1009998                                        NULL                  NULL                        Y         2022-03-19 00:00:00.000
302-1018260                                        NULL                  NULL                        Y         2022-02-05 00:00:00.000
302-1018750                                        NULL                  NULL                        Y         2022-03-24 00:00:00.000
301-1011984                                        NULL                  NULL                        Y         2022-05-24 00:00:00.000
310-1002826                                        NULL                  NULL                        Y         2022-01-15 00:00:00.000
301-1012773                                        NULL                  NULL                        Y         2022-09-15 00:00:00.000
301-1011353                                        NULL                  NULL                        Y         2022-02-05 00:00:00.000
302-1019254                                        NULL                  NULL                        Y         2022-05-18 00:00:00.000
314-1000475                                        NULL                  NULL                        Y         2022-05-10 00:00:00.000
314-1000412                                        NULL                  NULL                        Y         2022-04-12 00:00:00.000
302-1020589                                        NULL                  NULL                        Y         2022-10-17 00:00:00.000
301-1012900                                        NULL                  NULL                        Y         2022-10-01 00:00:00.000
302-1020498                                        NULL                  NULL                        Y         2022-09-26 00:00:00.000
304-1010674                                        NULL                  NULL                        Y         2022-07-26 00:00:00.000
303-1011336                                        NULL                  NULL                        Y         2022-05-23 00:00:00.000
302-1018955                                        NULL                  NULL                        Y         2022-04-21 00:00:00.000
301-1012770                                        NULL                  NULL                        Y         2022-09-15 00:00:00.000
301-1012950                                        NULL                  NULL                        Y         2022-10-13 00:00:00.000
310-1003185                                        NULL                  NULL                        Y         2022-07-13 00:00:00.000
312-1005072                                        NULL                  NULL                        Y         2022-10-19 00:00:00.000
302-1018216                                        NULL                  NULL                        Y         2022-01-31 00:00:00.000
310-1003060                                        NULL                  NULL                        Y         2022-05-17 00:00:00.000
306-1018769                                        NULL                  NULL                        Y         2022-11-03 00:00:00.000
314-1000652                                        NULL                  NULL                        Y         2022-07-28 00:00:00.000
314-1000832                                        NULL                  NULL                        Y         2022-10-14 00:00:00.000
306-1018779                                        NULL                  NULL                        Y         2022-11-03 00:00:00.000
302-1019615                                        NULL                  NULL                        Y         2022-06-16 00:00:00.000
314-1000845                                        NULL                  NULL                        Y         2022-10-25 00:00:00.000
301-1011753                                        NULL                  NULL                        Y         2022-04-15 00:00:00.000
313-1000539                                        NULL                  NULL                        Y         2022-02-22 00:00:00.000
308-1006415                                        NULL                  NULL                        Y         2022-01-19 00:00:00.000
301-1012627                                        NULL                  NULL                        Y         2022-08-29 00:00:00.000
301-1012649                                        NULL                  NULL                        Y         2022-09-01 00:00:00.000
301-1011875                                        NULL                  NULL                        Y         2022-05-07 00:00:00.000
302-1018271                                        NULL                  NULL                        Y         2022-02-07 00:00:00.000
305-1008692                                        NULL                  NULL                        Y         2022-03-23 00:00:00.000
312-1004433                                        NULL                  NULL                        Y         2022-01-22 00:00:00.000
313-1000896                                        NULL                  NULL                        Y         2022-08-12 00:00:00.000
305-1008589                                        NULL                  NULL                        Y         2022-03-01 00:00:00.000
311-1002704                                        NULL                  NULL                        Y         2022-04-04 00:00:00.000
314-1000476                                        NULL                  NULL                        Y         2022-05-10 00:00:00.000
311-1002741                                        NULL                  NULL                        Y         2022-04-15 00:00:00.000
304-1009719                                        NULL                  NULL                        Y         2022-01-27 00:00:00.000
301-1012401                                        NULL                  NULL                        Y         2022-07-27 00:00:00.000
304-1010486                                        NULL                  NULL                        Y         2022-06-12 00:00:00.000
302-1019222                                        NULL                  NULL                        Y         2022-05-13 00:00:00.000
301-1012793                                        NULL                  NULL                        Y         2022-09-17 00:00:00.000
313-1000560                                        NULL                  NULL                        Y         2022-03-07 00:00:00.000
304-1009984                                        NULL                  NULL                        Y         2022-03-19 00:00:00.000
312-1004430                                        NULL                  NULL                        Y         2022-01-21 00:00:00.000
301-1011850                                        NULL                  NULL                        Y         2022-05-03 00:00:00.000
301-1011982                                        NULL                  NULL                        Y         2022-05-24 00:00:00.000
301-1012719                                        NULL                  NULL                        Y         2022-09-07 00:00:00.000
302-1019479                                        NULL                  NULL                        Y         2022-05-29 00:00:00.000
312-1004428                                        NULL                  NULL                        Y         2022-01-21 00:00:00.000
301-1012509                                        NULL                  NULL                        Y         2022-08-16 00:00:00.000
315-1000001                                        NULL                  NULL                        Y         2022-11-14 00:00:00.000
303-1012208                                        NULL                  NULL                        Y         2022-11-15 00:00:00.000
304-1010466                                        NULL                  NULL                        Y         2022-06-06 00:00:00.000
313-1000940                                        NULL                  NULL                        Y         2022-09-03 00:00:00.000
301-1011983                                        NULL                  NULL                        Y         2022-05-24 00:00:00.000
304-1009829                                        NULL                  NULL                        Y         2022-02-21 00:00:00.000
312-1004429                                        NULL                  NULL                        Y         2022-01-21 00:00:00.000
302-1019209                                        NULL                  NULL                        Y         2022-05-11 00:00:00.000
301-1011539                                        NULL                  NULL                        Y         2022-03-10 00:00:00.000
301-1012924                                        NULL                  NULL                        Y         2022-10-07 00:00:00.000
308-1006847                                        NULL                  NULL                        Y         2022-06-10 00:00:00.000
301-1011354                                        NULL                  NULL                        Y         2022-02-05 00:00:00.000
308-1006392                                        NULL                  NULL                        Y         2022-01-17 00:00:00.000
314-1000336                                        NULL                  NULL                        Y         2022-03-16 00:00:00.000
303-1012209                                        NULL                  NULL                        Y         2022-11-15 00:00:00.000
314-1000559                                        NULL                  NULL                        Y         2022-06-11 00:00:00.000
308-1006382                                        NULL                  NULL                        Y         2022-01-17 00:00:00.000
301-1012004                                        NULL                  NULL                        Y         2022-05-27 00:00:00.000
302-1018074                                        NULL                  NULL                        Y         2022-01-02 00:00:00.000
302-1018740                                        NULL                  NULL                        Y         2022-03-23 00:00:00.000
308-1006376                                        NULL                  NULL                        Y         2022-01-17 00:00:00.000
303-1012170                                        NULL                  NULL                        Y         2022-11-07 00:00:00.000
303-1011359                                        NULL                  NULL                        Y         2022-05-28 00:00:00.000
313-1000986                                        NULL                  NULL                        Y         2022-09-17 00:00:00.000
301-1012925                                        NULL                  NULL                        Y         2022-10-07 00:00:00.000
310-1002853                                        NULL                  NULL                        Y         2022-01-30 00:00:00.000
314-1000416                                        NULL                  NULL                        Y         2022-04-14 00:00:00.000
306-1017709                                        NULL                  NULL                        Y         2022-06-25 00:00:00.000
302-1020568                                        NULL                  NULL                        Y         2022-10-11 00:00:00.000
303-1010868                                        NULL                  NULL                        Y         2022-02-25 00:00:00.000
306-1018907                                        NULL                  NULL                        Y         2022-11-07 00:00:00.000
302-1018562                                        NULL                  NULL                        Y         2022-03-02 00:00:00.000
302-1020570                                        NULL                  NULL                        Y         2022-10-11 00:00:00.000
312-1005101                                        NULL                  NULL                        Y         2022-10-26 00:00:00.000
313-1001073                                        NULL                  NULL                        Y         2022-11-04 00:00:00.000
308-1006410                                        NULL                  NULL                        Y         2022-01-18 00:00:00.000
301-1012736                                        NULL                  NULL                        Y         2022-09-09 00:00:00.000
314-1000614                                        NULL                  NULL                        Y         2022-07-08 00:00:00.000
301-1012935                                        NULL                  NULL                        Y         2022-10-08 00:00:00.000
303-1011712                                        NULL                  NULL                        Y         2022-08-05 00:00:00.000
308-1006388                                        NULL                  NULL                        Y         2022-01-17 00:00:00.000
302-1018693                                        NULL                  NULL                        Y         2022-03-18 00:00:00.000
301-1012767                                        NULL                  NULL                        Y         2022-09-15 00:00:00.000
313-1000850                                        NULL                  NULL                        Y         2022-07-16 00:00:00.000
306-1018965                                        NULL                  NULL                        Y         2022-11-11 00:00:00.000
312-1004432                                        NULL                  NULL                        Y         2022-01-22 00:00:00.000
302-1018303                                        NULL                  NULL                        Y         2022-02-12 00:00:00.000
310-1003100                                        NULL                  NULL                        Y         2022-05-29 00:00:00.000
302-1020294                                        NULL                  NULL                        Y         2022-08-27 00:00:00.000
302-1020904                                        NULL                  NULL                        Y         2022-11-13 00:00:00.000
301-1013017                                        NULL                  NULL                        Y         2022-10-26 00:00:00.000
301-1012320                                        NULL                  NULL                        Y         2022-07-12 00:00:00.000
303-1011701                                        NULL                  NULL                        Y         2022-08-02 00:00:00.000
313-1000873                                        NULL                  NULL                        Y         2022-08-02 00:00:00.000
302-1018547                                        NULL                  NULL                        Y         2022-02-26 00:00:00.000
302-1018747                                        NULL                  NULL                        Y         2022-03-24 00:00:00.000
302-1018215                                        NULL                  NULL                        Y         2022-01-31 00:00:00.000

(506 rows affected)


Completion time: 2022-11-28T13:32:37.5636876-06:00
