name                                                                                                                             step_name                                                                                                                        step_id     step_name                                                                                                                        run_date    run_time    sql_severity message                                                                                                                                                                                                                                                          server
-------------------------------------------------------------------------------------------------------------------------------- -------------------------------------------------------------------------------------------------------------------------------- ----------- -------------------------------------------------------------------------------------------------------------------------------- ----------- ----------- ------------ ---------------------------------------------------------------------------------------------------------------------------------------------------------------------------------------------------------------------------------------------------------------- --------------------------------------------------------------------------------------------------------------------------------
Datafeed - Transport - Mode - All (Load Plan Mode Picking Slip) 5 minutes                                                        Datafeed - Transport - Mode - Load Plan 2 (Production)                                                                           2           Datafeed - Transport - Mode - Load Plan 2 (Production)                                                                           20221210    153504      0            Executed as user: SUMMERCLASSICS\SqlAgentUser. The step failed.                                                                                                                                                                                                  SQL08
Datafeed - Transport - Mode - All (Load Plan Mode Picking Slip) 5 minutes                                                        Datafeed - Transport - Mode - Load Plan 1 (Production)                                                                           1           Datafeed - Transport - Mode - Load Plan 1 (Production)                                                                           20221210    113500      0            Executed as user: SUMMERCLASSICS\SqlAgentUser. The step failed.                                                                                                                                                                                                  SQL08
Datafeed - Transport - Mode - All (Load Plan Mode Picking Slip) 5 minutes                                                        Datafeed - Transport - Mode - Load Plan 2 (Production)                                                                           2           Datafeed - Transport - Mode - Load Plan 2 (Production)                                                                           20221210    110004      0            Executed as user: SUMMERCLASSICS\SqlAgentUser. The step failed.                                                                                                                                                                                                  SQL08
Datafeed - Transport - Mode - All (Load Plan Mode Picking Slip) 5 minutes                                                        Datafeed - Transport - Mode - Load Plan 1 (Production)                                                                           1           Datafeed - Transport - Mode - Load Plan 1 (Production)                                                                           20221210    105000      0            Executed as user: SUMMERCLASSICS\SqlAgentUser. The step failed.                                                                                                                                                                                                  SQL08
Datafeed - Transport - Mode - All (Load Plan Mode Picking Slip) 5 minutes                                                        Datafeed - Transport - Mode - Load Plan 2 (Production)                                                                           2           Datafeed - Transport - Mode - Load Plan 2 (Production)                                                                           20221210    103002      0            Executed as user: SUMMERCLASSICS\SqlAgentUser. The step failed.                                                                                                                                                                                                  SQL08
Datafeed - Transport - Mode - All (Load Plan Mode Picking Slip) 5 minutes                                                        Datafeed - Transport - Mode - Load Plan 2 (Production)                                                                           2           Datafeed - Transport - Mode - Load Plan 2 (Production)                                                                           20221210    95003       0            Executed as user: SUMMERCLASSICS\SqlAgentUser. The step failed.                                                                                                                                                                                                  SQL08
ETD-MS Eraser and CushionStatusUpdate                                                                                            PRODUCT_INFO.dbo.usp_Update_Mass_Volume_Company_100                                                                              4           PRODUCT_INFO.dbo.usp_Update_Mass_Volume_Company_100                                                                              20221206    214030      13           Executed as user: SUMMERCLASSICS\SqlAgentUser. Transaction (Process ID 205) was deadlocked on lock resources with another process and has been chosen as the deadlock victim. Rerun the transaction. [SQLSTATE 40001] (Error 1205).  The step failed.            SQL08
Datafeed - Accounting - All Factors - Credit Confirmation (Production)                                                           Datafeed - Accounting - CIT - Credit Confirmation (Production)                                                                   1           Datafeed - Accounting - CIT - Credit Confirmation (Production)                                                                   20221206    183300      0            Executed as user: SUMMERCLASSICS\SqlAgentUser. The step failed.                                                                                                                                                                                                  SQL08
Integration - 2Ship - GetChanges and ShipHold                                                                                    [2Ship].dbo.usp_WebRequest_GetChanges_Do                                                                                         1           [2Ship].dbo.usp_WebRequest_GetChanges_Do                                                                                         20221205    145000      16           Executed as user: SUMMERCLASSICS\SqlAgentUser. A .NET Framework error occurred during execution of user-defined routine or aggregate "INET_GetWebPages":   System.Net.WebException: Unable to connect to the remote server  System.Net.WebException:      at HTT SQL08
Integration - 2Ship - GetChanges and ShipHold                                                                                    [2Ship].dbo.usp_WebRequest_GetChanges_Do                                                                                         1           [2Ship].dbo.usp_WebRequest_GetChanges_Do                                                                                         20221205    144000      16           Executed as user: SUMMERCLASSICS\SqlAgentUser. A .NET Framework error occurred during execution of user-defined routine or aggregate "INET_GetWebPages":   System.Net.WebException: Unable to connect to the remote server  System.Net.WebException:      at HTT SQL08
Integration - 2Ship - GetChanges and ShipHold                                                                                    [2Ship].dbo.usp_WebRequest_GetChanges_Do                                                                                         1           [2Ship].dbo.usp_WebRequest_GetChanges_Do                                                                                         20221205    143000      16           Executed as user: SUMMERCLASSICS\SqlAgentUser. A .NET Framework error occurred during execution of user-defined routine or aggregate "INET_GetWebPages":   System.Net.WebException: Unable to connect to the remote server  System.Net.WebException:      at HTT SQL08
Integration - 2Ship - GetChanges and ShipHold                                                                                    [2Ship].dbo.usp_WebRequest_GetChanges_Do                                                                                         1           [2Ship].dbo.usp_WebRequest_GetChanges_Do                                                                                         20221205    142000      16           Executed as user: SUMMERCLASSICS\SqlAgentUser. A .NET Framework error occurred during execution of user-defined routine or aggregate "INET_GetWebPages":   System.Net.WebException: Unable to connect to the remote server  System.Net.WebException:      at HTT SQL08
Integration - 2Ship - GetChanges and ShipHold                                                                                    [2Ship].dbo.usp_WebRequest_GetChanges_Do                                                                                         1           [2Ship].dbo.usp_WebRequest_GetChanges_Do                                                                                         20221205    141000      16           Executed as user: SUMMERCLASSICS\SqlAgentUser. A .NET Framework error occurred during execution of user-defined routine or aggregate "INET_GetWebPages":   System.Net.WebException: Unable to connect to the remote server  System.Net.WebException:      at HTT SQL08
Integration - 2Ship - GetChanges and ShipHold                                                                                    [2Ship].dbo.usp_WebRequest_GetChanges_Do                                                                                         1           [2Ship].dbo.usp_WebRequest_GetChanges_Do                                                                                         20221205    140000      16           Executed as user: SUMMERCLASSICS\SqlAgentUser. A .NET Framework error occurred during execution of user-defined routine or aggregate "INET_GetWebPages":   System.Net.WebException: Unable to connect to the remote server  System.Net.WebException:      at HTT SQL08
Integration - 2Ship - GetChanges and ShipHold                                                                                    [2Ship].dbo.usp_WebRequest_GetChanges_Do                                                                                         1           [2Ship].dbo.usp_WebRequest_GetChanges_Do                                                                                         20221205    135000      16           Executed as user: SUMMERCLASSICS\SqlAgentUser. A .NET Framework error occurred during execution of user-defined routine or aggregate "INET_GetWebPages":   System.Net.WebException: Unable to connect to the remote server  System.Net.WebException:      at HTT SQL08
Integration - 2Ship - GetChanges and ShipHold                                                                                    [2Ship].dbo.usp_WebRequest_GetChanges_Do                                                                                         1           [2Ship].dbo.usp_WebRequest_GetChanges_Do                                                                                         20221205    134000      16           Executed as user: SUMMERCLASSICS\SqlAgentUser. A .NET Framework error occurred during execution of user-defined routine or aggregate "INET_GetWebPages":   System.Net.WebException: Unable to connect to the remote server  System.Net.WebException:      at HTT SQL08

(16 rows affected)

name                                                                                                                             Num_JobFailuresPerDay
-------------------------------------------------------------------------------------------------------------------------------- ---------------------
Datafeed - Accounting - All Factors - Credit Confirmation (Production)                                                           1
Datafeed - Transport - Mode - All (Load Plan Mode Picking Slip) 5 minutes                                                        6
ETD-MS Eraser and CushionStatusUpdate                                                                                            1
Integration - 2Ship - GetChanges and ShipHold                                                                                    8

(4 rows affected)


Completion time: 2022-12-12T09:10:18.8311805-06:00
