MAXRunTime       MAXRunTimeSeconds AVGRunTime
---------------- ----------------- ----------------
00:11:58.9900000 718               00:00:01.1266667

(1 row affected)

ReportName                                                                                                                                                                                                                                                       Runtime          StartTime               EndTime                 UserName                                                                                                                                                                                                                                                         RequestType   Status                                   Parameters
---------------------------------------------------------------------------------------------------------------------------------------------------------------------------------------------------------------------------------------------------------------- ---------------- ----------------------- ----------------------- ---------------------------------------------------------------------------------------------------------------------------------------------------------------------------------------------------------------------------------------------------------------- ------------- ---------------------------------------- ----------------------------------------------------------------------------------------------------------------------------------------------------------------------------------------------------------------------------------------------------------------

(0 rows affected)

ReportName                                                                                                                                                                                                                                                       Runtime          StartTime               EndTime                 UserName                                                                                                                                                                                                                                                         RequestType   Status                                   Parameters
---------------------------------------------------------------------------------------------------------------------------------------------------------------------------------------------------------------------------------------------------------------- ---------------- ----------------------- ----------------------- ---------------------------------------------------------------------------------------------------------------------------------------------------------------------------------------------------------------------------------------------------------------- ------------- ---------------------------------------- ----------------------------------------------------------------------------------------------------------------------------------------------------------------------------------------------------------------------------------------------------------------

(0 rows affected)


Completion time: 2022-12-12T09:13:41.2660132-06:00
