Id          EAV_Id      Group_Id    Name                                               Value                                                                                                                                                                                                                                                            Sequence    RecordDate
----------- ----------- ----------- -------------------------------------------------- ---------------------------------------------------------------------------------------------------------------------------------------------------------------------------------------------------------------------------------------------------------------- ----------- -----------------------
374         80          NULL        ServerName                                         sftp2.supercatsolutions.com                                                                                                                                                                                                                                      NULL        2019-12-30 14:16:43.507
397         80          NULL        ServerPort                                         22                                                                                                                                                                                                                                                               NULL        2014-10-07 14:02:54.510
414         88          NULL        ServerUserName                                     gh                                                                                                                                                                                                                                                               NULL        2014-10-15 09:02:51.403
416         88          NULL        ServerPassword                                     nyi84s2zav                                                                                                                                                                                                                                                       NULL        2014-10-15 09:03:08.240
417         89          NULL        ServerUserName                                     sc                                                                                                                                                                                                                                                               NULL        2014-10-15 09:05:04.707
418         89          NULL        ServerPassword                                     cy48x4skwe                                                                                                                                                                                                                                                       NULL        2014-10-15 09:05:04.707
524         80          NULL        ServerFingerprint                                  ssh-rsa 2048 bc:3a:02:71:09:f0:19:d6:f9:cc:84:58:0c:55:30:ef                                                                                                                                                                                                     NULL        2019-12-30 14:16:43.507
665         122         NULL        ServerUserName                                     scw                                                                                                                                                                                                                                                              NULL        2015-05-18 09:56:16.560
666         122         NULL        ServerPassword                                     9Rt8Wf46KvD6                                                                                                                                                                                                                                                     NULL        2015-05-18 09:57:00.847
686         132         NULL        ServerUserName                                     sccon                                                                                                                                                                                                                                                            NULL        2015-05-21 10:18:25.793
687         132         NULL        ServerPassword                                     Gk9qe6fZ39q6                                                                                                                                                                                                                                                     NULL        2015-05-21 10:18:55.270

(11 rows affected)

SiteName                                           GlobalFtpEavId LocalFtpEavId GlobalFileEavId LocalFileEavId
-------------------------------------------------- -------------- ------------- --------------- --------------
Gabby                                              80             88            165             143
Summer Classics Contract                           80             132           165             143
Summer Classics Retail                             80             89            165             143
Summer Classics Wholesale                          80             122           165             143

(4 rows affected)


Completion time: 2023-04-14T08:19:58.6270096-05:00
