name                                                                                                                             step_name                                                                                                                        step_id     step_name                                                                                                                        run_date    run_time    sql_severity message                                                                                                                                                                                                                                                          server
-------------------------------------------------------------------------------------------------------------------------------- -------------------------------------------------------------------------------------------------------------------------------- ----------- -------------------------------------------------------------------------------------------------------------------------------- ----------- ----------- ------------ ---------------------------------------------------------------------------------------------------------------------------------------------------------------------------------------------------------------------------------------------------------------- --------------------------------------------------------------------------------------------------------------------------------
eCat Upload - Summer Classics Wholesale (Options, Option Groups, Products, Matrix Options,Stories, Kit Items)                    Update eCat Summer Classics Wholesale (Options)                                                                                  1           Update eCat Summer Classics Wholesale (Options)                                                                                  20221113    215002      0            Executed as user: SUMMERCLASSICS\SqlAgentUser. NOTE: The step was retried the requested number of times (3) without succeeding.  The step failed.                                                                                                                SQL08
eCat Upload - Summer Classics Retail (Options, Option Groups, Products, Matrix Options,Stories, Kit Items)                       Update eCat Summer Classics Retail (Options)                                                                                     1           Update eCat Summer Classics Retail (Options)                                                                                     20221113    213003      0            Executed as user: SUMMERCLASSICS\SqlAgentUser. NOTE: The step was retried the requested number of times (3) without succeeding.  The step failed.                                                                                                                SQL08
eCat Upload - Summer Classics Contract (Options, Option Groups, Products, Matrix Options,Stories, Kit Items)                     Update eCat Summer Classics Contract (Options)                                                                                   1           Update eCat Summer Classics Contract (Options)                                                                                   20221113    211001      0            Executed as user: SUMMERCLASSICS\SqlAgentUser. NOTE: The step was retried the requested number of times (3) without succeeding.  The step failed.                                                                                                                SQL08
eCat Upload - Gabby (Options, Option Groups, Products, Matrix Option, Stories, Kit Items)                                        Update eCat Gabby (Options)                                                                                                      1           Update eCat Gabby (Options)                                                                                                      20221113    204500      0            Executed as user: SUMMERCLASSICS\SqlAgentUser. The step failed.                                                                                                                                                                                                  SQL08
eCat Upload - Gabby (Inventory)                                                                                                  Update eCat Gabby (Inventory)                                                                                                    1           Update eCat Gabby (Inventory)                                                                                                    20221113    191223      0            Executed as user: SUMMERCLASSICS\SqlAgentUser. NOTE: The step was retried the requested number of times (3) without succeeding.  The step failed.                                                                                                                SQL08
eCat Upload - Summer Classics Retail (Inventory)                                                                                 Update eCat Summer Classics Retail (Inventory)                                                                                   1           Update eCat Summer Classics Retail (Inventory)                                                                                   20221113    191228      0            Executed as user: SUMMERCLASSICS\SqlAgentUser. NOTE: The step was retried the requested number of times (3) without succeeding.  The step failed.                                                                                                                SQL08
eCat Upload - Summer Classics Contract (Inventory)                                                                               Update eCat Summer Classics Contract (Inventory)                                                                                 1           Update eCat Summer Classics Contract (Inventory)                                                                                 20221113    190827      0            Executed as user: SUMMERCLASSICS\SqlAgentUser. NOTE: The step was retried the requested number of times (3) without succeeding.  The step failed.                                                                                                                SQL08
eCat Upload - Summer Classics Wholesale (Inventory)                                                                              Update eCat Summer Classics Wholesale (Inventory)                                                                                1           Update eCat Summer Classics Wholesale (Inventory)                                                                                20221113    190646      0            Executed as user: SUMMERCLASSICS\SqlAgentUser. NOTE: The step was retried the requested number of times (3) without succeeding.  The step failed.                                                                                                                SQL08
eCat Upload - Summer Classics Contract (Territories)                                                                             Update eCat Summer Classics Contract (Territories)                                                                               1           Update eCat Summer Classics Contract (Territories)                                                                               20221113    180000      0            Executed as user: SUMMERCLASSICS\SqlAgentUser. The step failed.                                                                                                                                                                                                  SQL08
eCat Upload - Summer Classics Wholesale (Territories)                                                                            Update eCat Summer Classics Wholesale (Territories)                                                                              1           Update eCat Summer Classics Wholesale (Territories)                                                                              20221113    180000      0            Executed as user: SUMMERCLASSICS\SqlAgentUser. The step failed.                                                                                                                                                                                                  SQL08
eCat Upload - Gabby (Territories)                                                                                                Update eCat Gabby (Territories)                                                                                                  1           Update eCat Gabby (Territories)                                                                                                  20221113    180000      0            Executed as user: SUMMERCLASSICS\SqlAgentUser. The step failed.                                                                                                                                                                                                  SQL08
eCat Upload - Summer Classics Retail (Customers)                                                                                 Update eCat Summer Classics Retail (Customers)                                                                                   1           Update eCat Summer Classics Retail (Customers)                                                                                   20221113    175038      0            Executed as user: SUMMERCLASSICS\SqlAgentUser. NOTE: The step was retried the requested number of times (3) without succeeding.  The step failed.                                                                                                                SQL08
eCat Upload - Summer Classics Wholesale (Customers)                                                                              Update eCat Summer Classics Wholesale (Customers)                                                                                1           Update eCat Summer Classics Wholesale (Customers)                                                                                20221113    175012      0            Executed as user: SUMMERCLASSICS\SqlAgentUser. NOTE: The step was retried the requested number of times (3) without succeeding.  The step failed.                                                                                                                SQL08
eCat Upload - Gabby (Customers)                                                                                                  Update eCat Gabby (Customers)                                                                                                    1           Update eCat Gabby (Customers)                                                                                                    20221113    175010      0            Executed as user: SUMMERCLASSICS\SqlAgentUser. NOTE: The step was retried the requested number of times (3) without succeeding.  The step failed.                                                                                                                SQL08
eCat Upload - Summer Classics Contract (Customers)                                                                               Update eCat Summer Classics Contract (Customers)                                                                                 1           Update eCat Summer Classics Contract (Customers)                                                                                 20221113    175009      0            Executed as user: SUMMERCLASSICS\SqlAgentUser. NOTE: The step was retried the requested number of times (3) without succeeding.  The step failed.                                                                                                                SQL08
Integration - 2Ship - GetChanges and ShipHold                                                                                    [2Ship].dbo.usp_WebRequest_GetChanges_Do                                                                                         1           [2Ship].dbo.usp_WebRequest_GetChanges_Do                                                                                         20221112    134000      16           Executed as user: SUMMERCLASSICS\SqlAgentUser. A .NET Framework error occurred during execution of user-defined routine or aggregate "INET_GetWebPages":   System.Net.WebException: The remote server returned an error: (500) Internal Server Error.  System.Ne SQL08
Datafeed - Transport - Mode - All (Load Plan Mode Picking Slip) 5 minutes                                                        Datafeed - Transport - Mode - Load Plan 2 (Production)                                                                           2           Datafeed - Transport - Mode - Load Plan 2 (Production)                                                                           20221110    160010      0            Executed as user: SUMMERCLASSICS\SqlAgentUser. The step failed.                                                                                                                                                                                                  SQL08
Datafeed - Accounting - All Factors - Credit Confirmation (Production)                                                           Datafeed - Accounting - CIT - Credit Confirmation (Production)                                                                   1           Datafeed - Accounting - CIT - Credit Confirmation (Production)                                                                   20221110    73300       0            Executed as user: SUMMERCLASSICS\SqlAgentUser. The step failed.                                                                                                                                                                                                  SQL08
Datafeed - Accounting - All Factors - Credit Confirmation (Production)                                                           Datafeed - Accounting - CIT - Credit Confirmation (Production)                                                                   1           Datafeed - Accounting - CIT - Credit Confirmation (Production)                                                                   20221110    71800       0            Executed as user: SUMMERCLASSICS\SqlAgentUser. The step failed.                                                                                                                                                                                                  SQL08
Datafeed - Accounting - All Factors - Credit Confirmation (Production)                                                           Datafeed - Accounting - CIT - Credit Confirmation (Production)                                                                   1           Datafeed - Accounting - CIT - Credit Confirmation (Production)                                                                   20221110    70300       0            Executed as user: SUMMERCLASSICS\SqlAgentUser. The step failed.                                                                                                                                                                                                  SQL08
Datafeed - Transport - Mode - All (Load Plan Mode Picking Slip) 5 minutes                                                        Datafeed - Transport - Mode - Load Plan 1 (Production)                                                                           1           Datafeed - Transport - Mode - Load Plan 1 (Production)                                                                           20221109    171000      0            Executed as user: SUMMERCLASSICS\SqlAgentUser. The step failed.                                                                                                                                                                                                  SQL08
Datafeed - eCommerce - SPS - Incoming (Production)                                                                               Datafeed - eCommerce - SPS - Incoming                                                                                            1           Datafeed - eCommerce - SPS - Incoming                                                                                            20221109    170700      0            Executed as user: SUMMERCLASSICS\SqlAgentUser. The step failed.                                                                                                                                                                                                  SQL08
Datafeed - Accounting - All Factors - Credit Request (Production)                                                                Datafeed - Accounting - CIT - Credit Request (Production)                                                                        1           Datafeed - Accounting - CIT - Credit Request (Production)                                                                        20221109    170500      0            Executed as user: SUMMERCLASSICS\SqlAgentUser. The step failed.                                                                                                                                                                                                  SQL08
Datafeed - Transport - Mode - All (Load Plan Mode Picking Slip) 5 minutes                                                        Datafeed - Transport - Mode - Load Plan 1 (Production)                                                                           1           Datafeed - Transport - Mode - Load Plan 1 (Production)                                                                           20221109    170500      0            Executed as user: SUMMERCLASSICS\SqlAgentUser. The step failed.                                                                                                                                                                                                  SQL08
Datafeed - Accounting - All Factors - Credit Confirmation (Production)                                                           Datafeed - Accounting - CIT - Credit Confirmation (Production)                                                                   1           Datafeed - Accounting - CIT - Credit Confirmation (Production)                                                                   20221109    170300      0            Executed as user: SUMMERCLASSICS\SqlAgentUser. The step failed.                                                                                                                                                                                                  SQL08
Datafeed - eCommerce - SPS - Incoming (Production)                                                                               Datafeed - eCommerce - SPS - Incoming                                                                                            1           Datafeed - eCommerce - SPS - Incoming                                                                                            20221109    170200      0            Executed as user: SUMMERCLASSICS\SqlAgentUser. The step failed.                                                                                                                                                                                                  SQL08
Datafeed - Transport - Mode - All (Load Plan Mode Picking Slip) 5 minutes                                                        Datafeed - Transport - Mode - Load Plan 1 (Production)                                                                           1           Datafeed - Transport - Mode - Load Plan 1 (Production)                                                                           20221109    170000      0            Executed as user: SUMMERCLASSICS\SqlAgentUser. The step failed.                                                                                                                                                                                                  SQL08
B2C Website - Inventory Data Feeds                                                                                               Create and Upload B2C All Inventory CSV                                                                                          7           Create and Upload B2C All Inventory CSV                                                                                          20221108    190207      0            Executed as user: SUMMERCLASSICS\SqlAgentUser. Microsoft (R) SQL Server Execute Package Utility  Version 13.0.6300.2 for 64-bit  Copyright (C) 2016 Microsoft. All rights reserved.    Started:  7:02:07 PM  Error: 2022-11-08 19:02:09.86     Code: 0xC020200E  SQL08
B2C Website - Inventory Data Feeds                                                                                               Create and Upload B2C All Inventory CSV                                                                                          7           Create and Upload B2C All Inventory CSV                                                                                          20221108    180147      0            Executed as user: SUMMERCLASSICS\SqlAgentUser. Microsoft (R) SQL Server Execute Package Utility  Version 13.0.6300.2 for 64-bit  Copyright (C) 2016 Microsoft. All rights reserved.    Started:  6:01:48 PM  Error: 2022-11-08 18:01:49.14     Code: 0xC020200E  SQL08
B2C Website - Inventory Data Feeds                                                                                               Create and Upload B2C All Inventory CSV                                                                                          7           Create and Upload B2C All Inventory CSV                                                                                          20221108    170143      0            Executed as user: SUMMERCLASSICS\SqlAgentUser. Microsoft (R) SQL Server Execute Package Utility  Version 13.0.6300.2 for 64-bit  Copyright (C) 2016 Microsoft. All rights reserved.    Started:  5:01:43 PM  Error: 2022-11-08 17:01:44.79     Code: 0xC020200E  SQL08
Update Customer Service Rep Reference                                                                                            PRODUCT_INFO.dbo.usp_Update_Reference_CustomerServiceRep OLD                                                                     2           PRODUCT_INFO.dbo.usp_Update_Reference_CustomerServiceRep OLD                                                                     20221107    73419       14           Executed as user: SUMMERCLASSICS\SqlAgentUser. Violation of PRIMARY KEY constraint 'PK_CustomerServiceRep'. Cannot insert duplicate key in object 'dbo.CustomerServiceRep'. The duplicate key value is (Angelia King). [SQLSTATE 23000] (Error 2627).  NOTE: The SQL08

(31 rows affected)

name                                                                                                                             Num_JobFailuresPerDay
-------------------------------------------------------------------------------------------------------------------------------- ---------------------
B2C Website - Inventory Data Feeds                                                                                               3
Datafeed - Accounting - All Factors - Credit Confirmation (Production)                                                           4
Datafeed - Accounting - All Factors - Credit Request (Production)                                                                1
Datafeed - eCommerce - SPS - Incoming (Production)                                                                               2
Datafeed - Transport - Mode - All (Load Plan Mode Picking Slip) 5 minutes                                                        4
eCat Upload - Gabby (Customers)                                                                                                  1
eCat Upload - Gabby (Inventory)                                                                                                  1
eCat Upload - Gabby (Options, Option Groups, Products, Matrix Option, Stories, Kit Items)                                        1
eCat Upload - Gabby (Territories)                                                                                                1
eCat Upload - Summer Classics Contract (Customers)                                                                               1
eCat Upload - Summer Classics Contract (Inventory)                                                                               1
eCat Upload - Summer Classics Contract (Options, Option Groups, Products, Matrix Options,Stories, Kit Items)                     1
eCat Upload - Summer Classics Contract (Territories)                                                                             1
eCat Upload - Summer Classics Retail (Customers)                                                                                 1
eCat Upload - Summer Classics Retail (Inventory)                                                                                 1
eCat Upload - Summer Classics Retail (Options, Option Groups, Products, Matrix Options,Stories, Kit Items)                       1
eCat Upload - Summer Classics Wholesale (Customers)                                                                              1
eCat Upload - Summer Classics Wholesale (Inventory)                                                                              1
eCat Upload - Summer Classics Wholesale (Options, Option Groups, Products, Matrix Options,Stories, Kit Items)                    1
eCat Upload - Summer Classics Wholesale (Territories)                                                                            1
Integration - 2Ship - GetChanges and ShipHold                                                                                    1
Update Customer Service Rep Reference                                                                                            1

(22 rows affected)


Completion time: 2022-11-14T08:17:49.8028549-06:00
